// Jest Snapshot v1, https://goo.gl/fbAQLP

exports[`ErrorPop should match the snapshot 1`] = `
<div
  className="error-pop-container"
>
  <h1 />
</div>
`;
