// Jest Snapshot v1, https://goo.gl/fbAQLP

exports[`App App Component should match the snapshot 1`] = `
<div
  className="App"
>
  <Header />
  <main
    className="Content-Container"
  >
    <Route
      path="/"
      render={[Function]}
    />
    <Route
      path="/notes/:id"
      render={[Function]}
    />
    <Route
      path="/new-note"
      render={[Function]}
    />
  </main>
</div>
`;
