// Jest Snapshot v1, https://goo.gl/fbAQLP

exports[`NotesContainer NotesContainer should match the snapshot 1`] = `
<div
  className="NotesContainer"
>
  <Link
    className="note-click"
    key="123ABA"
    to="/notes/123ABA"
  >
    <NoteDisplay
      id="123ABA"
      list={
        Array [
          Object {
            "id": [MockFunction],
            "isComplete": false,
            "text": "Eat food",
          },
        ]
      }
      title="Worf ToDo"
    />
  </Link>
  <Link
    className="note-click"
    key="987GDGFD"
    to="/notes/987GDGFD"
  >
    <NoteDisplay
      id="987GDGFD"
      list={
        Array [
          Object {
            "id": [MockFunction],
            "isComplete": false,
            "text": "Do basic styling",
          },
        ]
      }
      title="Jake ToDo"
    />
  </Link>
</div>
`;

exports[`NotesContainer NotesContainer should return JSX when generateNotes is called 1`] = `undefined`;
