// Jest Snapshot v1, https://goo.gl/fbAQLP

exports[`NoteForm should match the snapshot 1`] = `
<div
  className="Note"
>
  <section
    className="Note-Content"
  >
    <NavLink
      className="Note-Close"
      to="/"
    >
      <button>
        <i
          className="fas fa-times"
        />
      </button>
    </NavLink>
    <div
      className="Note-Form-Container"
    >
      <form
        className="Note-Form"
      >
        <input
          className="Note-Title"
          name="title"
          onChange={[Function]}
          placeholder="Title"
          type="text"
          value=""
        />
        <ul
          className="ListItems"
        >
          <ListItem
            handleItemChange={[Function]}
            handleItemDelete={[Function]}
            id="DiXXZ_LuI"
            index={0}
            isComplete={false}
            key="DiXXZ_LuI"
            text=""
            toggleComplete={[Function]}
          />
        </ul>
        <ul
          className="ListItems Completed"
        />
        <section
          className="Note-Options"
        >
          <button
            className="Note-Save"
            onClick={[Function]}
            type="submit"
          >
            <i
              className="fas fa-save"
            />
          </button>
          <button
            className="Note-Delete"
            onClick={[Function]}
          >
            <i
              className="fas fa-trash-alt"
            />
          </button>
        </section>
        <section
          className="Note-Error"
        >
          <h2 />
        </section>
      </form>
    </div>
  </section>
</div>
`;
